Godot Engine v4.6.stable.official.89cea1439 - https://godotengine.org

[   0% ] first_scan_filesystem | Started Inicjalizacja projektu (5 steps)
[   0% ] first_scan_filesystem | Skanowanie struktury plików...
[  16% ] first_scan_filesystem | Wczytywanie globalnych nazw klas...
[  33% ] first_scan_filesystem | Weryfikowanie GDExtension...
[  50% ] first_scan_filesystem | Tworzenie skryptów autoładowania...
[  66% ] first_scan_filesystem | Inicjalizacja wtyczek...
[  83% ] first_scan_filesystem | Uruchamianie skanu systemu plików...
[ DONE ] first_scan_filesystem

[   0% ] savepack | Started Pakowanie (102 steps)
[   1% ] savepack | Przechowywanie pliku: res://.godot/imported/gem.svg-6f3c0bc9522fa8154f7cc098552c80dd.ctex
[   1% ] savepack | Przechowywanie pliku: res://assets/gem.svg.import
[  13% ] savepack | Przechowywanie pliku: res://.godot/exported/133200997/export-3ad5c15c4f3250da0cc7c1af1770d85f-main.scn
[  26% ] savepack | Przechowywanie pliku: res://scripts/chunk.gdc
[  37% ] savepack | Przechowywanie pliku: res://scripts/game.gdc
[  50% ] savepack | Przechowywanie pliku: res://scripts/motion.gdc
[  62% ] savepack | Przechowywanie pliku: res://scripts/save_store.gdc
[  74% ] savepack | Przechowywanie pliku: res://scripts/world.gdc
[  86% ] savepack | Przechowywanie pliku: res://.godot/imported/icon.svg-218a8f2b3041327d8a5756f3a245f83b.ctex
[  86% ] savepack | Przechowywanie pliku: res://icon.svg.import
[  86% ] savepack | Przechowywanie pliku: res://scenes/main.tscn.remap
[  86% ] savepack | Przechowywanie pliku: res://scripts/chunk.gd.remap
[  86% ] savepack | Przechowywanie pliku: res://scripts/game.gd.remap
[  86% ] savepack | Przechowywanie pliku: res://scripts/motion.gd.remap
[  86% ] savepack | Przechowywanie pliku: res://scripts/save_store.gd.remap
[  86% ] savepack | Przechowywanie pliku: res://scripts/world.gd.remap
[  86% ] savepack | Przechowywanie pliku: res://.godot/global_script_class_cache.cfg
[  86% ] savepack | Przechowywanie pliku: res://assets/gem.svg
[  86% ] savepack | Przechowywanie pliku: res://.godot/uid_cache.bin
[  86% ] savepack | Przechowywanie pliku: res://project.binary
[ DONE ] savepack

